// Jest Snapshot v1, https://goo.gl/fbAQLP

exports[`Background renders correctly 1`] = `
.c0 {
  width: 100%;
  height: 100%;
  position: absolute;
}

<div
  class="c0"
  data-testid="test-background"
/>
`;
