// Jest Snapshot v1, https://goo.gl/fbAQLP

exports[`Nav works 1`] = `
.c0 {
  list-style-type: none;
  text-align: center;
  margin-bottom: 0;
}

<ul
  class="c0"
/>
`;
